// 重构日志: 9b78297a
// 重构日志: 7016af92
// 重构日志: 6b2cfbdc
// 重构日志: d772c88c
// 重构日志: 3ae52c32
// 重构日志: c889b682
// 同步 ID: 2911e107 @ Wed Jul 29 08:58:42 UTC 2026
// 重构日志: 6a1e64a1
// 重构日志: 6a809b91
// 同步 ID: a25bbfd9 @ Fri Jul 31 13:21:41 UTC 2026
// 同步 ID: 97e17239 @ Sat Aug  1 11:11:27 UTC 2026
// 同步 ID: 5057d3e5 @ Sun Aug  2 11:16:16 UTC 2026
// 同步 ID: 959c0aff @ Sun Aug  2 17:02:18 UTC 2026
// 重构日志: 8fbc2827
// 重构日志: f914e8a9
// 同步 ID: 4046bc6f @ Mon Aug  3 23:24:16 UTC 2026
// 重构日志: f6b8a046
// 同步 ID: e718b544 @ Tue Aug  4 13:06:28 UTC 2026
// 同步 ID: e1f05a11 @ Tue Aug  4 18:14:17 UTC 2026
// 同步 ID: 0a204037 @ Wed Aug  5 09:02:09 UTC 2026
// 重构日志: f29e3521
// 重构日志: 247a1584
// 同步 ID: fe156224 @ Thu Aug  6 11:24:59 UTC 2026
// 重构日志: c52d02b5
// 重构日志: 9a7b0ecd
// 重构日志: db9f142e
// 同步 ID: d98b092f @ Fri Aug  7 12:27:57 UTC 2026
// 同步 ID: 8af20f7d @ Fri Aug  7 14:13:58 UTC 2026
// 同步 ID: 58b65a52 @ Sat Aug  8 00:37:26 UTC 2026
// 同步 ID: 9852170f @ Sat Aug  8 10:20:11 UTC 2026
// 重构日志: e67bcba0
